Microchip MPLAB XC8 Compiler V1.38 ()

Linker command line:

-W-3 --edf=C:\Program Files (x86)\Microchip\xc8\v1.38\dat\en_msgs.txt -cs \
  -h+dist/default/production\door_sensor.production.sym \
  --cmf=dist/default/production\door_sensor.production.cmf -z -Q12LF1572 \
  -oC:\Users\mfspd\AppData\Local\Temp\sa0o.2 \
  -Mdist/default/production/door_sensor.production.map -E1 -ver=XC8 \
  -ASTACK=0201Dh-020efh -pstack=STACK -p_serial_text=3FDh -ACODE=00h-07FFh \
  -ASTRCODE=00h-07FFh -ASTRING=00h-0FFhx8 -ACONST=00h-0FFhx8 \
  -AENTRY=00h-0FFhx8 -ACOMMON=070h-07Fh -ABANK0=020h-06Fh -ABANK1=0A0h-0EFh \
  -ABANK2=0120h-016Fh -ABIGRAM=02000h-020EFh \
  -ARAM=020h-06Fh,0A0h-0EFh,0120h-016Fh \
  -AABS1=020h-07Fh,0A0h-0EFh,0120h-016Fh -ASFR0=00h-01Fh -ASFR1=080h-09Fh \
  -ASFR2=0100h-011Fh -ASFR3=0180h-01EFh -ASFR4=0200h-026Fh \
  -ASFR5=0280h-02EFh -ASFR6=0300h-036Fh -ASFR7=0380h-03EFh \
  -ASFR8=0400h-046Fh -ASFR9=0480h-04EFh -ASFR10=0500h-056Fh \
  -ASFR11=0580h-05EFh -ASFR12=0600h-066Fh -ASFR13=0680h-06EFh \
  -ASFR14=0700h-076Fh -ASFR15=0780h-07EFh -ASFR16=0800h-086Fh \
  -ASFR17=0880h-08EFh -ASFR18=0900h-096Fh -ASFR19=0980h-09EFh \
  -ASFR20=0A00h-0A6Fh -ASFR21=0A80h-0AEFh -ASFR22=0B00h-0B6Fh \
  -ASFR23=0B80h-0BEFh -ASFR24=0C00h-0C6Fh -ASFR25=0C80h-0CEFh \
  -ASFR26=0D00h-0D6Fh -ASFR27=0D80h-0DEFh -ASFR28=0E00h-0E6Fh \
  -ASFR29=0E80h-0EEFh -ASFR30=0F00h-0F6Fh -ASFR31=0F80h-0FEFh \
  -preset_vec=00h,intentry,init,end_init -ppowerup=CODE -pcinit=CODE \
  -pfunctab=CODE -ACONFIG=08007h-08008h -pconfig=CONFIG -DCONFIG=2 \
  -AIDLOC=08000h-08003h -pidloc=IDLOC -DIDLOC=2 -DCODE=2 -DSTRCODE=2 \
  -DSTRING=2 -DCONST=2 -DENTRY=2 -k \
  C:\Users\mfspd\AppData\Local\Temp\sa0o.obj \
  dist/default/production\door_sensor.production.obj 

Object code version is 3.11

Machine type is 12LF1572



                Name                               Link     Load   Length Selector   Space Scale
C:\Users\mfspd\AppData\Local\Temp\sa0o.obj
                end_init                              1        1        1        0       0
                reset_vec                             0        0        1        0       0
                config                             8007     8007        2    1000E       0
dist/default/production\door_sensor.production.obj
                cinit                               400      400       12      7FA       0
                text11                              5C6      5C6       1A      7FA       0
                text10                              607      607        9      7FA       0
                text9                               633      633        4      7FA       0
                text8                               62A      62A        5      7FA       0
                text7                               5F7      5F7       10      7FA       0
                text6                               62F      62F        4      7FA       0
                text5                               624      624        6      7FA       0
                text4                               487      487       71      7FA       0
                text3                               4F8      4F8       69      7FA       0
                text2                               5E0      5E0       17      7FA       0
                text1                               561      561       65      7FA       0
                maintext                            412      412       75      7FA       0
                cstackBANK0                          3C       3C        1       20       1
                cstackCOMMON                         70       70        E       70       1
                clrtext                             61E      61E        6      7FA       0
                inittext                            618      618        6      7FA       0
                dataBANK0                            34       34        8       20       1
                bssBANK0                             20       20       14       20       1
                _serial_text                        3FD      3FD        3      7FA       0
                idataBANK0                          610      610        8      7FA       0

TOTAL           Name                               Link     Load   Length     Space
        CLASS   STACK          

        CLASS   CODE           
                end_init                              1        1        1         0
                cinit                               400      400       12         0
                reset_vec                             0        0        1         0
                text11                              5C6      5C6       1A         0
                text10                              607      607        9         0
                text9                               633      633        4         0
                text8                               62A      62A        5         0
                text7                               5F7      5F7       10         0
                text6                               62F      62F        4         0
                text5                               624      624        6         0
                text4                               487      487       71         0
                text3                               4F8      4F8       69         0
                text2                               5E0      5E0       17         0
                text1                               561      561       65         0
                maintext                            412      412       75         0
                clrtext                             61E      61E        6         0
                inittext                            618      618        6         0
                _serial_text                        3FD      3FD        3         0
                idataBANK0                          610      610        8         0

        CLASS   STRCODE        

        CLASS   STRING         

        CLASS   CONST          

        CLASS   ENTRY          

        CLASS   COMMON         
                cstackCOMMON                         70       70        E         1

        CLASS   BANK0          
                cstackBANK0                          3C       3C        1         1
                dataBANK0                            34       34        8         1
                bssBANK0                             20       20       14         1

        CLASS   BANK1          

        CLASS   BANK2          

        CLASS   BIGRAM         

        CLASS   RAM            

        CLASS   ABS1           
                abs_s1                               7E       7E        2         1

        CLASS   SFR0           

        CLASS   SFR1           

        CLASS   SFR2           

        CLASS   SFR3           

        CLASS   SFR4           

        CLASS   SFR5           

        CLASS   SFR6           

        CLASS   SFR7           

        CLASS   SFR8           

        CLASS   SFR9           

        CLASS   SFR10          

        CLASS   SFR11          

        CLASS   SFR12          

        CLASS   SFR13          

        CLASS   SFR14          

        CLASS   SFR15          

        CLASS   SFR16          

        CLASS   SFR17          

        CLASS   SFR18          

        CLASS   SFR19          

        CLASS   SFR20          

        CLASS   SFR21          

        CLASS   SFR22          

        CLASS   SFR23          

        CLASS   SFR24          

        CLASS   SFR25          

        CLASS   SFR26          

        CLASS   SFR27          

        CLASS   SFR28          

        CLASS   SFR29          

        CLASS   SFR30          

        CLASS   SFR31          

        CLASS   CONFIG         
                config                             8007     8007        2         0

        CLASS   IDLOC          

        CLASS   BANK31         

        CLASS   BANK30         

        CLASS   BANK29         

        CLASS   BANK28         

        CLASS   BANK27         

        CLASS   BANK26         

        CLASS   BANK25         

        CLASS   BANK24         

        CLASS   BANK23         

        CLASS   BANK22         

        CLASS   BANK21         

        CLASS   BANK20         

        CLASS   BANK19         

        CLASS   BANK18         

        CLASS   BANK17         

        CLASS   BANK16         

        CLASS   BANK15         

        CLASS   BANK14         

        CLASS   BANK13         

        CLASS   BANK12         

        CLASS   BANK11         

        CLASS   BANK10         

        CLASS   BANK9          

        CLASS   BANK8          

        CLASS   BANK7          

        CLASS   BANK6          

        CLASS   BANK5          

        CLASS   BANK4          

        CLASS   BANK3          

        CLASS   EEDATA         



SEGMENTS        Name                           Load    Length   Top    Selector   Space  Class     Delta

                reset_vec                      000000  000002  000002         0       0  CODE        2
                bssBANK0                       000020  00001D  00003D        20       1  BANK0       1
                cstackCOMMON                   000070  00000E  00007E        70       1  COMMON      1
                _serial_text                   0003FD  00023A  000637       7FA       0  CODE        2
                config                         008007  000002  008009     1000E       0  CONFIG      2


UNUSED ADDRESS RANGES

        Name                Unused          Largest block    Delta
        BANK0            0003D-0006F              33           1
        BANK1            000A0-000EF              50           1
        BANK2            00120-0016F              50           1
        BIGRAM           02000-020EF              F0           1
        CODE             00002-003FC             3FB           2
                         00637-007FF             1C9
        CONST            00002-003FC             100           2
                         00637-007FF              C9
        ENTRY            00002-003FC             100           2
                         00637-007FF              C9
        IDLOC            08000-08003               4           2
        RAM              0003D-0006F              33           1
                         000A0-000EF              50
                         00120-0016F              50
        SFR0             00000-0001F              20           1
        SFR1             00080-0009F              20           1
        SFR10            00500-0056F              70           1
        SFR11            00580-005EF              70           1
        SFR12            00600-0066F              70           1
        SFR13            00680-006EF              70           1
        SFR14            00700-0076F              70           1
        SFR15            00780-007EF              70           1
        SFR16            00800-0086F              70           1
        SFR17            00880-008EF              70           1
        SFR18            00900-0096F              70           1
        SFR19            00980-009EF              70           1
        SFR2             00100-0011F              20           1
        SFR20            00A00-00A6F              70           1
        SFR21            00A80-00AEF              70           1
        SFR22            00B00-00B6F              70           1
        SFR23            00B80-00BEF              70           1
        SFR24            00C00-00C6F              70           1
        SFR25            00C80-00CEF              70           1
        SFR26            00D00-00D6F              70           1
        SFR27            00D80-00DEF              70           1
        SFR28            00E00-00E6F              70           1
        SFR29            00E80-00EEF              70           1
        SFR3             00180-001EF              70           1
        SFR30            00F00-00F6F              70           1
        SFR31            00F80-00FEF              70           1
        SFR4             00200-0026F              70           1
        SFR5             00280-002EF              70           1
        SFR6             00300-0036F              70           1
        SFR7             00380-003EF              70           1
        SFR8             00400-0046F              70           1
        SFR9             00480-004EF              70           1
        STACK            0201D-020EF              D3           1
        STRCODE          00002-003FC             3FB           2
                         00637-007FF             1C9
        STRING           00002-003FC             100           2
                         00637-007FF              C9

                                  Symbol Table

?_ADC1_GetConversion             cstackCOMMON 00070
ADC1_GetConversion@channel       cstackCOMMON 00073
_ADC1_GetConversion              text11       005C6
_ADC1_Initialize                 text10       00607
_ADCON0                          (abs)        0009D
_ADCON0bits                      (abs)        0009D
_ADCON1                          (abs)        0009E
_ADCON2                          (abs)        0009F
_ADRESH                          (abs)        0009C
_ADRESL                          (abs)        0009B
_ANSELA                          (abs)        0018C
_APFCON                          (abs)        0011D
_FVRCON                          (abs)        00117
_FVRCONbits                      (abs)        00117
_FVR_Initialize                  text9        00633
_LATA                            (abs)        0010C
_LATAbits                        (abs)        0010C
_OPTION_REGbits                  (abs)        00095
_OSCCON                          (abs)        00099
_OSCILLATOR_Initialize           text8        0062A
_OSCTUNE                         (abs)        00098
_PIN_MANAGER_Initialize          text7        005F7
_PORTA                           (abs)        0000C
_SYSTEM_Initialize               text5        00624
_TRISA                           (abs)        0008C
_WDTCON                          (abs)        00097
_WDT_Initialize                  text6        0062F
_WPUA                            (abs)        0020C
__CFG_BOREN$ON                   (abs)        00000
__CFG_BORV$LO                    (abs)        00000
__CFG_CLKOUTEN$OFF               (abs)        00000
__CFG_CP$OFF                     (abs)        00000
__CFG_FOSC$INTOSC                (abs)        00000
__CFG_LPBOREN$ON                 (abs)        00000
__CFG_LVP$ON                     (abs)        00000
__CFG_MCLRE$ON                   (abs)        00000
__CFG_PLLEN$OFF                  (abs)        00000
__CFG_PWRTE$ON                   (abs)        00000
__CFG_STVREN$ON                  (abs)        00000
__CFG_WDTE$ON                    (abs)        00000
__CFG_WRT$OFF                    (abs)        00000
__H_serial_text                  _serial_text 00400
__Habs1                          abs1         00000
__Hbank0                         bank0        00000
__Hbank1                         bank1        00000
__Hbank10                        bank10       00000
__Hbank11                        bank11       00000
__Hbank12                        bank12       00000
__Hbank13                        bank13       00000
__Hbank14                        bank14       00000
__Hbank15                        bank15       00000
__Hbank16                        bank16       00000
__Hbank17                        bank17       00000
__Hbank18                        bank18       00000
__Hbank19                        bank19       00000
__Hbank2                         bank2        00000
__Hbank20                        bank20       00000
__Hbank21                        bank21       00000
__Hbank22                        bank22       00000
__Hbank23                        bank23       00000
__Hbank24                        bank24       00000
__Hbank25                        bank25       00000
__Hbank26                        bank26       00000
__Hbank27                        bank27       00000
__Hbank28                        bank28       00000
__Hbank29                        bank29       00000
__Hbank3                         bank3        00000
__Hbank30                        bank30       00000
__Hbank31                        bank31       00000
__Hbank4                         bank4        00000
__Hbank5                         bank5        00000
__Hbank6                         bank6        00000
__Hbank7                         bank7        00000
__Hbank8                         bank8        00000
__Hbank9                         bank9        00000
__Hbigram                        bigram       00000
__HbssBANK0                      bssBANK0     00000
__Hcinit                         cinit        00412
__Hclrtext                       clrtext      00000
__Hcode                          code         00000
__Hcommon                        common       00000
__Hconfig                        config       08009
__HcstackBANK0                   cstackBANK0  00000
__HcstackCOMMON                  cstackCOMMON 00000
__HdataBANK0                     dataBANK0    00000
__Heeprom_data                   eeprom_data  00000
__Hend_init                      end_init     00002
__Hfunctab                       functab      00000
__HidataBANK0                    idataBANK0   00000
__Hidloc                         idloc        00000
__Hinit                          init         00001
__Hinittext                      inittext     00000
__Hintentry                      intentry     00001
__Hmaintext                      maintext     00000
__Hpowerup                       powerup      00000
__Hram                           ram          00000
__Hreset_vec                     reset_vec    00001
__Hsfr0                          sfr0         00000
__Hsfr1                          sfr1         00000
__Hsfr10                         sfr10        00000
__Hsfr11                         sfr11        00000
__Hsfr12                         sfr12        00000
__Hsfr13                         sfr13        00000
__Hsfr14                         sfr14        00000
__Hsfr15                         sfr15        00000
__Hsfr16                         sfr16        00000
__Hsfr17                         sfr17        00000
__Hsfr18                         sfr18        00000
__Hsfr19                         sfr19        00000
__Hsfr2                          sfr2         00000
__Hsfr20                         sfr20        00000
__Hsfr21                         sfr21        00000
__Hsfr22                         sfr22        00000
__Hsfr23                         sfr23        00000
__Hsfr24                         sfr24        00000
__Hsfr25                         sfr25        00000
__Hsfr26                         sfr26        00000
__Hsfr27                         sfr27        00000
__Hsfr28                         sfr28        00000
__Hsfr29                         sfr29        00000
__Hsfr3                          sfr3         00000
__Hsfr30                         sfr30        00000
__Hsfr31                         sfr31        00000
__Hsfr4                          sfr4         00000
__Hsfr5                          sfr5         00000
__Hsfr6                          sfr6         00000
__Hsfr7                          sfr7         00000
__Hsfr8                          sfr8         00000
__Hsfr9                          sfr9         00000
__Hspace_0                       (abs)        08009
__Hspace_1                       (abs)        0007E
__Hspace_2                       (abs)        00000
__Hspace_3                       (abs)        00000
__Hstack                         stack        00000
__Hstrings                       strings      00000
__Htext                          text         00000
__L_serial_text                  _serial_text 003FD
__Labs1                          abs1         00000
__Lbank0                         bank0        00000
__Lbank1                         bank1        00000
__Lbank10                        bank10       00000
__Lbank11                        bank11       00000
__Lbank12                        bank12       00000
__Lbank13                        bank13       00000
__Lbank14                        bank14       00000
__Lbank15                        bank15       00000
__Lbank16                        bank16       00000
__Lbank17                        bank17       00000
__Lbank18                        bank18       00000
__Lbank19                        bank19       00000
__Lbank2                         bank2        00000
__Lbank20                        bank20       00000
__Lbank21                        bank21       00000
__Lbank22                        bank22       00000
__Lbank23                        bank23       00000
__Lbank24                        bank24       00000
__Lbank25                        bank25       00000
__Lbank26                        bank26       00000
__Lbank27                        bank27       00000
__Lbank28                        bank28       00000
__Lbank29                        bank29       00000
__Lbank3                         bank3        00000
__Lbank30                        bank30       00000
__Lbank31                        bank31       00000
__Lbank4                         bank4        00000
__Lbank5                         bank5        00000
__Lbank6                         bank6        00000
__Lbank7                         bank7        00000
__Lbank8                         bank8        00000
__Lbank9                         bank9        00000
__Lbigram                        bigram       00000
__LbssBANK0                      bssBANK0     00000
__Lcinit                         cinit        00400
__Lclrtext                       clrtext      00000
__Lcode                          code         00000
__Lcommon                        common       00000
__Lconfig                        config       08007
__LcstackBANK0                   cstackBANK0  00000
__LcstackCOMMON                  cstackCOMMON 00000
__LdataBANK0                     dataBANK0    00000
__Leeprom_data                   eeprom_data  00000
__Lend_init                      end_init     00001
__Lfunctab                       functab      00000
__LidataBANK0                    idataBANK0   00000
__Lidloc                         idloc        00000
__Linit                          init         00001
__Linittext                      inittext     00000
__Lintentry                      intentry     00001
__Lmaintext                      maintext     00000
__Lpowerup                       powerup      00000
__Lram                           ram          00000
__Lreset_vec                     reset_vec    00000
__Lsfr0                          sfr0         00000
__Lsfr1                          sfr1         00000
__Lsfr10                         sfr10        00000
__Lsfr11                         sfr11        00000
__Lsfr12                         sfr12        00000
__Lsfr13                         sfr13        00000
__Lsfr14                         sfr14        00000
__Lsfr15                         sfr15        00000
__Lsfr16                         sfr16        00000
__Lsfr17                         sfr17        00000
__Lsfr18                         sfr18        00000
__Lsfr19                         sfr19        00000
__Lsfr2                          sfr2         00000
__Lsfr20                         sfr20        00000
__Lsfr21                         sfr21        00000
__Lsfr22                         sfr22        00000
__Lsfr23                         sfr23        00000
__Lsfr24                         sfr24        00000
__Lsfr25                         sfr25        00000
__Lsfr26                         sfr26        00000
__Lsfr27                         sfr27        00000
__Lsfr28                         sfr28        00000
__Lsfr29                         sfr29        00000
__Lsfr3                          sfr3         00000
__Lsfr30                         sfr30        00000
__Lsfr31                         sfr31        00000
__Lsfr4                          sfr4         00000
__Lsfr5                          sfr5         00000
__Lsfr6                          sfr6         00000
__Lsfr7                          sfr7         00000
__Lsfr8                          sfr8         00000
__Lsfr9                          sfr9         00000
__Lspace_0                       (abs)        00000
__Lspace_1                       (abs)        00000
__Lspace_2                       (abs)        00000
__Lspace_3                       (abs)        00000
__Lstack                         stack        00000
__Lstrings                       strings      00000
__Ltext                          text         00000
__S0                             (abs)        08009
__S1                             (abs)        0007E
__S2                             (abs)        00000
___int_sp                        stack        00000
___latbits                       (abs)        00000
___sp                            stack        00000
__end_of_ADC1_GetConversion      text11       005E0
__end_of_ADC1_Initialize         text10       00610
__end_of_FVR_Initialize          text9        00637
__end_of_OSCILLATOR_Initialize   text8        0062F
__end_of_PIN_MANAGER_Initialize  text7        00607
__end_of_SYSTEM_Initialize       text5        0062A
__end_of_WDT_Initialize          text6        00633
__end_of__initialization         cinit        00410
__end_of_crc12                   text4        004F8
__end_of_delay_us                text2        005F7
__end_of_main                    maintext     00487
__end_of_manchester_enc          text3        00561
__end_of_sendSignal              text1        005C6
__end_of_serial                  _serial_text 00400
__initialization                 cinit        00400
__p_serial_text                  _serial_text 003FD
__pbssBANK0                      bssBANK0     00020
__pcstackBANK0                   cstackBANK0  0003C
__pcstackCOMMON                  cstackCOMMON 00070
__pdataBANK0                     dataBANK0    00034
__pidataBANK0                    idataBANK0   00610
__pmaintext                      maintext     00412
__ptext1                         text1        00561
__ptext10                        text10       00607
__ptext11                        text11       005C6
__ptext2                         text2        005E0
__ptext3                         text3        004F8
__ptext4                         text4        00487
__ptext5                         text5        00624
__ptext6                         text6        0062F
__ptext7                         text7        005F7
__ptext8                         text8        0062A
__ptext9                         text9        00633
__size_of_ADC1_GetConversion     (abs)        00000
__size_of_ADC1_Initialize        (abs)        00000
__size_of_FVR_Initialize         (abs)        00000
__size_of_OSCILLATOR_Initialize  (abs)        00000
__size_of_PIN_MANAGER_Initialize (abs)        00000
__size_of_SYSTEM_Initialize      (abs)        00000
__size_of_WDT_Initialize         (abs)        00000
__size_of_crc12                  (abs)        00000
__size_of_delay_us               (abs)        00000
__size_of_main                   (abs)        00000
__size_of_manchester_enc         (abs)        00000
__size_of_sendSignal             (abs)        00000
_adc_RA2                         bssBANK0     00020
_battery_level                   bssBANK0     00022
_crc12                           text4        00487
_delay_us                        text2        005E0
_encman                          bssBANK0     00024
_main                            maintext     00412
_manchester_enc                  text3        004F8
_packet_t                        dataBANK0    00034
_sendSignal                      text1        00561
_serial                          _serial_text 003FD
_serial_absaddr                  (abs)        003FD
btemp                            (abs)        0007E
clear_ram0                       clrtext      0061E
crc12@crc                        cstackCOMMON 0007A
crc12@i                          cstackCOMMON 00078
crc12@inbuf                      cstackCOMMON 00077
crc12@inbuf_t                    cstackCOMMON 00075
crc12@k                          cstackCOMMON 00079
crc12@len                        cstackCOMMON 00071
crc12@outbuf                     cstackCOMMON 00070
delay_us@delay                   cstackCOMMON 00071
delay_us@i                       cstackCOMMON 00072
delay_us@k                       cstackCOMMON 00073
end_of_initialization            cinit        00410
init_ram                         inittext     00618
intlevel0                        functab      00000
intlevel1                        functab      00000
intlevel2                        functab      00000
intlevel3                        functab      00000
intlevel4                        functab      00000
intlevel5                        functab      00000
ltemp                            (abs)        0007E
ltemp0                           (abs)        0007E
ltemp1                           (abs)        00082
ltemp2                           (abs)        00086
ltemp3                           (abs)        00080
main@lc_ext_state                cstackBANK0  0003C
manchester_enc@hbyte             cstackCOMMON 00077
manchester_enc@i                 cstackCOMMON 0007A
manchester_enc@inbuf             cstackCOMMON 00074
manchester_enc@k                 cstackCOMMON 00075
manchester_enc@lbyte             cstackCOMMON 00078
manchester_enc@len               cstackCOMMON 00071
manchester_enc@outbuf            cstackCOMMON 00070
manchester_enc@outbuf_idx        cstackCOMMON 00076
manchester_enc@tbyte             cstackCOMMON 00079
reset_vec                        reset_vec    00000
sendSignal@i                     cstackCOMMON 0007B
sendSignal@k                     cstackCOMMON 00077
sendSignal@n                     cstackCOMMON 00078
sendSignal@old_state             cstackCOMMON 0007A
sendSignal@pt                    cstackCOMMON 00076
sendSignal@wbyte                 cstackCOMMON 00079
stackhi                          (abs)        020EF
stacklo                          (abs)        0201D
start                            init         00001
start_initialization             cinit        00400
ttemp                            (abs)        0007E
ttemp0                           (abs)        0007E
ttemp1                           (abs)        00081
ttemp2                           (abs)        00084
ttemp3                           (abs)        00087
ttemp4                           (abs)        0007F
wtemp                            (abs)        0007E
wtemp0                           (abs)        0007E
wtemp1                           (abs)        00080
wtemp2                           (abs)        00082
wtemp3                           (abs)        00084
wtemp4                           (abs)        00086
wtemp5                           (abs)        00088
wtemp6                           (abs)        0007F


FUNCTION INFORMATION:

 *************** function _main *****************
 Defined at:
		line 236 in file "main.c"
 Parameters:    Size  Location     Type
		None
 Auto vars:     Size  Location     Type
  lc_ext_state    1    0[BANK0 ] unsigned char 
 Return value:  Size  Location     Type
                  1    wreg      void 
 Registers used:
		wreg, fsr0l, fsr0h, fsr1l, fsr1h, status,2, status,0, pclath, cstack
 Tracked objects:
		On entry : 
		On exit  : 
		Unchanged: 
 Data sizes:     COMMON   BANK0   BANK1   BANK2
      Params:         0       0       0       0
      Locals:         0       1       0       0
      Temps:          2       0       0       0
      Totals:         2       1       0       0
Total ram usage:        3 bytes
 Hardware stack levels required when called:    2
 This function calls:
		_ADC1_GetConversion
		_SYSTEM_Initialize
		_crc12
		_manchester_enc
		_sendSignal
 This function is called by:
		Startup code after reset
 This function uses a non-reentrant model


 *************** function _sendSignal *****************
 Defined at:
		line 195 in file "main.c"
 Parameters:    Size  Location     Type
  pt              1    wreg     PTR unsigned char 
		 -> encman(16), 
 Auto vars:     Size  Location     Type
  pt              1    6[COMMON] PTR unsigned char 
		 -> encman(16), 
  i               1   11[COMMON] unsigned char 
  old_state       1   10[COMMON] unsigned char 
  wbyte           1    9[COMMON] unsigned char 
  n               1    8[COMMON] unsigned char 
  k               1    7[COMMON] unsigned char 
 Return value:  Size  Location     Type
                  1    wreg      void 
 Registers used:
		wreg, fsr1l, fsr1h, status,2, status,0, pclath, cstack
 Tracked objects:
		On entry : 
		On exit  : 
		Unchanged: 
 Data sizes:     COMMON   BANK0   BANK1   BANK2
      Params:         0       0       0       0
      Locals:         6       0       0       0
      Temps:          2       0       0       0
      Totals:         8       0       0       0
Total ram usage:        8 bytes
 Hardware stack levels used:    1
 Hardware stack levels required when called:    1
 This function calls:
		_delay_us
 This function is called by:
		_main
 This function uses a non-reentrant model


 *************** function _delay_us *****************
 Defined at:
		line 184 in file "main.c"
 Parameters:    Size  Location     Type
  delay           1    wreg     unsigned char 
 Auto vars:     Size  Location     Type
  delay           1    1[COMMON] unsigned char 
  k               1    3[COMMON] unsigned char 
  i               1    2[COMMON] unsigned char 
 Return value:  Size  Location     Type
                  1    wreg      void 
 Registers used:
		wreg, status,2, status,0
 Tracked objects:
		On entry : 
		On exit  : 
		Unchanged: 
 Data sizes:     COMMON   BANK0   BANK1   BANK2
      Params:         0       0       0       0
      Locals:         3       0       0       0
      Temps:          1       0       0       0
      Totals:         4       0       0       0
Total ram usage:        4 bytes
 Hardware stack levels used:    1
 This function calls:
		Nothing
 This function is called by:
		_sendSignal
 This function uses a non-reentrant model


 *************** function _manchester_enc *****************
 Defined at:
		line 107 in file "main.c"
 Parameters:    Size  Location     Type
  inbuf           1    wreg     PTR unsigned char 
		 -> packet_t(8), 
  outbuf          1    0[COMMON] PTR unsigned char 
		 -> encman(16), 
  len             1    1[COMMON] unsigned char 
 Auto vars:     Size  Location     Type
  inbuf           1    4[COMMON] PTR unsigned char 
		 -> packet_t(8), 
  i               1   10[COMMON] unsigned char 
  tbyte           1    9[COMMON] unsigned char 
  lbyte           1    8[COMMON] unsigned char 
  hbyte           1    7[COMMON] unsigned char 
  outbuf_idx      1    6[COMMON] unsigned char 
  k               1    5[COMMON] unsigned char 
 Return value:  Size  Location     Type
                  1    wreg      void 
 Registers used:
		wreg, fsr1l, fsr1h, status,2, status,0
 Tracked objects:
		On entry : 
		On exit  : 
		Unchanged: 
 Data sizes:     COMMON   BANK0   BANK1   BANK2
      Params:         2       0       0       0
      Locals:         7       0       0       0
      Temps:          2       0       0       0
      Totals:        11       0       0       0
Total ram usage:       11 bytes
 Hardware stack levels used:    1
 This function calls:
		Nothing
 This function is called by:
		_main
 This function uses a non-reentrant model


 *************** function _crc12 *****************
 Defined at:
		line 154 in file "main.c"
 Parameters:    Size  Location     Type
  inbuf           1    wreg     PTR unsigned char 
		 -> packet_t(8), 
  outbuf          1    0[COMMON] PTR unsigned char 
		 -> packet_t(8), 
  len             1    1[COMMON] unsigned char 
 Auto vars:     Size  Location     Type
  inbuf           1    7[COMMON] PTR unsigned char 
		 -> packet_t(8), 
  crc             2   10[COMMON] unsigned int 
  inbuf_t         2    5[COMMON] unsigned int 
  k               1    9[COMMON] unsigned char 
  i               1    8[COMMON] unsigned char 
 Return value:  Size  Location     Type
                  1    wreg      void 
 Registers used:
		wreg, fsr1l, fsr1h, status,2, status,0
 Tracked objects:
		On entry : 
		On exit  : 
		Unchanged: 
 Data sizes:     COMMON   BANK0   BANK1   BANK2
      Params:         2       0       0       0
      Locals:         7       0       0       0
      Temps:          3       0       0       0
      Totals:        12       0       0       0
Total ram usage:       12 bytes
 Hardware stack levels used:    1
 This function calls:
		Nothing
 This function is called by:
		_main
 This function uses a non-reentrant model


 *************** function _SYSTEM_Initialize *****************
 Defined at:
		line 67 in file "mcc_generated_files/mcc.c"
 Parameters:    Size  Location     Type
		None
 Auto vars:     Size  Location     Type
		None
 Return value:  Size  Location     Type
                  1    wreg      void 
 Registers used:
		wreg, status,2, status,0, pclath, cstack
 Tracked objects:
		On entry : 
		On exit  : 
		Unchanged: 
 Data sizes:     COMMON   BANK0   BANK1   BANK2
      Params:         0       0       0       0
      Locals:         0       0       0       0
      Temps:          0       0       0       0
      Totals:         0       0       0       0
Total ram usage:        0 bytes
 Hardware stack levels used:    1
 Hardware stack levels required when called:    1
 This function calls:
		_ADC1_Initialize
		_FVR_Initialize
		_OSCILLATOR_Initialize
		_PIN_MANAGER_Initialize
		_WDT_Initialize
 This function is called by:
		_main
 This function uses a non-reentrant model


 *************** function _WDT_Initialize *****************
 Defined at:
		line 87 in file "mcc_generated_files/mcc.c"
 Parameters:    Size  Location     Type
		None
 Auto vars:     Size  Location     Type
		None
 Return value:  Size  Location     Type
                  1    wreg      void 
 Registers used:
		wreg
 Tracked objects:
		On entry : 
		On exit  : 
		Unchanged: 
 Data sizes:     COMMON   BANK0   BANK1   BANK2
      Params:         0       0       0       0
      Locals:         0       0       0       0
      Temps:          0       0       0       0
      Totals:         0       0       0       0
Total ram usage:        0 bytes
 Hardware stack levels used:    1
 This function calls:
		Nothing
 This function is called by:
		_SYSTEM_Initialize
 This function uses a non-reentrant model


 *************** function _PIN_MANAGER_Initialize *****************
 Defined at:
		line 51 in file "mcc_generated_files/pin_manager.c"
 Parameters:    Size  Location     Type
		None
 Auto vars:     Size  Location     Type
		None
 Return value:  Size  Location     Type
                  1    wreg      void 
 Registers used:
		wreg, status,2
 Tracked objects:
		On entry : 
		On exit  : 
		Unchanged: 
 Data sizes:     COMMON   BANK0   BANK1   BANK2
      Params:         0       0       0       0
      Locals:         0       0       0       0
      Temps:          0       0       0       0
      Totals:         0       0       0       0
Total ram usage:        0 bytes
 Hardware stack levels used:    1
 This function calls:
		Nothing
 This function is called by:
		_SYSTEM_Initialize
 This function uses a non-reentrant model


 *************** function _OSCILLATOR_Initialize *****************
 Defined at:
		line 77 in file "mcc_generated_files/mcc.c"
 Parameters:    Size  Location     Type
		None
 Auto vars:     Size  Location     Type
		None
 Return value:  Size  Location     Type
                  1    wreg      void 
 Registers used:
		wreg, status,2
 Tracked objects:
		On entry : 
		On exit  : 
		Unchanged: 
 Data sizes:     COMMON   BANK0   BANK1   BANK2
      Params:         0       0       0       0
      Locals:         0       0       0       0
      Temps:          0       0       0       0
      Totals:         0       0       0       0
Total ram usage:        0 bytes
 Hardware stack levels used:    1
 This function calls:
		Nothing
 This function is called by:
		_SYSTEM_Initialize
 This function uses a non-reentrant model


 *************** function _FVR_Initialize *****************
 Defined at:
		line 57 in file "mcc_generated_files/fvr.c"
 Parameters:    Size  Location     Type
		None
 Auto vars:     Size  Location     Type
		None
 Return value:  Size  Location     Type
                  1    wreg      void 
 Registers used:
		wreg
 Tracked objects:
		On entry : 
		On exit  : 
		Unchanged: 
 Data sizes:     COMMON   BANK0   BANK1   BANK2
      Params:         0       0       0       0
      Locals:         0       0       0       0
      Temps:          0       0       0       0
      Totals:         0       0       0       0
Total ram usage:        0 bytes
 Hardware stack levels used:    1
 This function calls:
		Nothing
 This function is called by:
		_SYSTEM_Initialize
 This function uses a non-reentrant model


 *************** function _ADC1_Initialize *****************
 Defined at:
		line 64 in file "mcc_generated_files/adc1.c"
 Parameters:    Size  Location     Type
		None
 Auto vars:     Size  Location     Type
		None
 Return value:  Size  Location     Type
                  1    wreg      void 
 Registers used:
		wreg, status,2
 Tracked objects:
		On entry : 
		On exit  : 
		Unchanged: 
 Data sizes:     COMMON   BANK0   BANK1   BANK2
      Params:         0       0       0       0
      Locals:         0       0       0       0
      Temps:          0       0       0       0
      Totals:         0       0       0       0
Total ram usage:        0 bytes
 Hardware stack levels used:    1
 This function calls:
		Nothing
 This function is called by:
		_SYSTEM_Initialize
 This function uses a non-reentrant model


 *************** function _ADC1_GetConversion *****************
 Defined at:
		line 112 in file "mcc_generated_files/adc1.c"
 Parameters:    Size  Location     Type
  channel         1    wreg     enum E3512
 Auto vars:     Size  Location     Type
  channel         1    3[COMMON] enum E3512
 Return value:  Size  Location     Type
                  2    0[COMMON] unsigned int 
 Registers used:
		wreg, status,2, status,0
 Tracked objects:
		On entry : 
		On exit  : 
		Unchanged: 
 Data sizes:     COMMON   BANK0   BANK1   BANK2
      Params:         2       0       0       0
      Locals:         1       0       0       0
      Temps:          1       0       0       0
      Totals:         4       0       0       0
Total ram usage:        4 bytes
 Hardware stack levels used:    1
 This function calls:
		Nothing
 This function is called by:
		_main
 This function uses a non-reentrant model



MODULE INFORMATION

Module		Function		Class		Link	Load	Size
mcc_generated_files/fvr.c
		_FVR_Initialize		CODE           	0633	0000	5

mcc_generated_files/fvr.c estimated size: 5

mcc_generated_files/adc1.c
		_ADC1_Initialize		CODE           	0607	0000	10
		_ADC1_GetConversion		CODE           	05C6	0000	27

mcc_generated_files/adc1.c estimated size: 37

mcc_generated_files/pin_manager.c
		_PIN_MANAGER_Initialize		CODE           	05F7	0000	17

mcc_generated_files/pin_manager.c estimated size: 17

shared
		_serial        		CODE           	03FD	0000	4
		__initialization		CODE           	0400	0000	17

shared estimated size: 21

mcc_generated_files/mcc.c
		_WDT_Initialize		CODE           	062F	0000	5
		_OSCILLATOR_Initialize		CODE           	062A	0000	6
		_SYSTEM_Initialize		CODE           	0624	0000	7

mcc_generated_files/mcc.c estimated size: 18

main.c
		_sendSignal    		CODE           	0561	0000	102
		_delay_us      		CODE           	05E0	0000	24
		_main          		CODE           	0412	0000	118
		_manchester_enc		CODE           	04F8	0000	106
		_crc12         		CODE           	0487	0000	114

main.c estimated size: 464

