Microchip MPLAB XC8 Compiler V1.38 ()

Linker command line:

-W-3 --edf=C:\Program Files (x86)\Microchip\xc8\v1.38\dat\en_msgs.txt -cs \
  -h+dist/default/production\door_sensor.production.sym \
  --cmf=dist/default/production\door_sensor.production.cmf -z -Q12LF1571 \
  -oC:\Users\contr\AppData\Local\Temp\saos.2 \
  -Mdist/default/production/door_sensor.production.map -E1 -ver=XC8 \
  -ASTACK=02018h-0206fh -pstack=STACK -p_serial_text=3FDh -ACODE=00h-03FFh \
  -ASTRCODE=00h-03FFh -ASTRING=00h-0FFhx4 -ACONST=00h-0FFhx4 \
  -AENTRY=00h-0FFhx4 -ACOMMON=070h-07Fh -ABANK0=020h-06Fh -ABANK1=0A0h-0BFh \
  -ABIGRAM=02000h-0206Fh -ARAM=020h-06Fh,0A0h-0BFh \
  -AABS1=020h-07Fh,0A0h-0BFh -ASFR0=00h-01Fh -ASFR1=080h-09Fh \
  -ASFR2=0100h-016Fh -ASFR3=0180h-01EFh -ASFR4=0200h-026Fh \
  -ASFR5=0280h-02EFh -ASFR6=0300h-036Fh -ASFR7=0380h-03EFh \
  -ASFR8=0400h-046Fh -ASFR9=0480h-04EFh -ASFR10=0500h-056Fh \
  -ASFR11=0580h-05EFh -ASFR12=0600h-066Fh -ASFR13=0680h-06EFh \
  -ASFR14=0700h-076Fh -ASFR15=0780h-07EFh -ASFR16=0800h-086Fh \
  -ASFR17=0880h-08EFh -ASFR18=0900h-096Fh -ASFR19=0980h-09EFh \
  -ASFR20=0A00h-0A6Fh -ASFR21=0A80h-0AEFh -ASFR22=0B00h-0B6Fh \
  -ASFR23=0B80h-0BEFh -ASFR24=0C00h-0C6Fh -ASFR25=0C80h-0CEFh \
  -ASFR26=0D00h-0D6Fh -ASFR27=0D80h-0DEFh -ASFR28=0E00h-0E6Fh \
  -ASFR29=0E80h-0EEFh -ASFR30=0F00h-0F6Fh -ASFR31=0F80h-0FEFh \
  -preset_vec=00h,intentry,init,end_init -ppowerup=CODE -pcinit=CODE \
  -pfunctab=CODE -ACONFIG=08007h-08008h -pconfig=CONFIG -DCONFIG=2 \
  -AIDLOC=08000h-08003h -pidloc=IDLOC -DIDLOC=2 -DCODE=2 -DSTRCODE=2 \
  -DSTRING=2 -DCONST=2 -DENTRY=2 -k \
  C:\Users\contr\AppData\Local\Temp\saos.obj \
  dist/default/production\door_sensor.production.obj 

Object code version is 3.11

Machine type is 12LF1571



                Name                               Link     Load   Length Selector   Space Scale
C:\Users\contr\AppData\Local\Temp\saos.obj
                end_init                              1        1        1        0       0
                reset_vec                             0        0        1        0       0
                config                             8007     8007        2    1000E       0
dist/default/production\door_sensor.production.obj
                cinit                               3EB      3EB       12      7D6       0
                text7                               22A      22A        5      454       0
                text6                               243      243        F      486       0
                text5                               227      227        3      44E       0
                text4                               37A      37A       71      6F4       0
                text3                               311      311       69      622       0
                text2                               252      252       17      4A4       0
                text1                               2AC      2AC       65      558       0
                maintext                            269      269       43      4D2       0
                cstackCOMMON                         70       70        E       70       1
                clrtext                             22F      22F        6      45E       0
                inittext                            235      235        6      46A       0
                dataBANK0                            30       30        8       20       1
                bssBANK0                             20       20       10       20       1
                _serial_text                        3FD      3FD        3      7FA       0
                idataBANK0                          23B      23B        8      476       0

TOTAL           Name                               Link     Load   Length     Space
        CLASS   STACK          

        CLASS   CODE           
                end_init                              1        1        1         0
                cinit                               3EB      3EB       12         0
                reset_vec                             0        0        1         0
                text7                               22A      22A        5         0
                text6                               243      243        F         0
                text5                               227      227        3         0
                text4                               37A      37A       71         0
                text3                               311      311       69         0
                text2                               252      252       17         0
                text1                               2AC      2AC       65         0
                maintext                            269      269       43         0
                clrtext                             22F      22F        6         0
                inittext                            235      235        6         0
                _serial_text                        3FD      3FD        3         0
                idataBANK0                          23B      23B        8         0

        CLASS   STRCODE        

        CLASS   STRING         

        CLASS   CONST          

        CLASS   ENTRY          

        CLASS   COMMON         
                cstackCOMMON                         70       70        E         1

        CLASS   BANK0          
                dataBANK0                            30       30        8         1
                bssBANK0                             20       20       10         1

        CLASS   BANK1          

        CLASS   BIGRAM         

        CLASS   RAM            

        CLASS   ABS1           
                abs_s1                               7E       7E        2         1

        CLASS   SFR0           

        CLASS   SFR1           

        CLASS   SFR2           

        CLASS   SFR3           

        CLASS   SFR4           

        CLASS   SFR5           

        CLASS   SFR6           

        CLASS   SFR7           

        CLASS   SFR8           

        CLASS   SFR9           

        CLASS   SFR10          

        CLASS   SFR11          

        CLASS   SFR12          

        CLASS   SFR13          

        CLASS   SFR14          

        CLASS   SFR15          

        CLASS   SFR16          

        CLASS   SFR17          

        CLASS   SFR18          

        CLASS   SFR19          

        CLASS   SFR20          

        CLASS   SFR21          

        CLASS   SFR22          

        CLASS   SFR23          

        CLASS   SFR24          

        CLASS   SFR25          

        CLASS   SFR26          

        CLASS   SFR27          

        CLASS   SFR28          

        CLASS   SFR29          

        CLASS   SFR30          

        CLASS   SFR31          

        CLASS   CONFIG         
                config                             8007     8007        2         0

        CLASS   IDLOC          

        CLASS   BANK31         

        CLASS   BANK30         

        CLASS   BANK29         

        CLASS   BANK28         

        CLASS   BANK27         

        CLASS   BANK26         

        CLASS   BANK25         

        CLASS   BANK24         

        CLASS   BANK23         

        CLASS   BANK22         

        CLASS   BANK21         

        CLASS   BANK20         

        CLASS   BANK19         

        CLASS   BANK18         

        CLASS   BANK17         

        CLASS   BANK16         

        CLASS   BANK15         

        CLASS   BANK14         

        CLASS   BANK13         

        CLASS   BANK12         

        CLASS   BANK11         

        CLASS   BANK10         

        CLASS   BANK9          

        CLASS   BANK8          

        CLASS   BANK7          

        CLASS   BANK6          

        CLASS   BANK5          

        CLASS   BANK4          

        CLASS   BANK3          

        CLASS   BANK2          

        CLASS   EEDATA         



SEGMENTS        Name                           Load    Length   Top    Selector   Space  Class     Delta

                reset_vec                      000000  000002  000002         0       0  CODE        2
                bssBANK0                       000020  000018  000038        20       1  BANK0       1
                cstackCOMMON                   000070  00000E  00007E        70       1  COMMON      1
                text5                          000227  000003  00022A       44E       0  CODE        2
                text7                          00022A  000005  00022F       454       0  CODE        2
                clrtext                        00022F  000006  000235       45E       0  CODE        2
                inittext                       000235  000006  00023B       46A       0  CODE        2
                idataBANK0                     00023B  000008  000243       476       0  CODE        2
                text6                          000243  00000F  000252       486       0  CODE        2
                text2                          000252  000017  000269       4A4       0  CODE        2
                maintext                       000269  000043  0002AC       4D2       0  CODE        2
                text1                          0002AC  000065  000311       558       0  CODE        2
                text3                          000311  000069  00037A       622       0  CODE        2
                text4                          00037A  000071  0003EB       6F4       0  CODE        2
                cinit                          0003EB  000012  0003FD       7D6       0  CODE        2
                _serial_text                   0003FD  000003  000400       7FA       0  CODE        2
                config                         008007  000002  008009     1000E       0  CONFIG      2


UNUSED ADDRESS RANGES

        Name                Unused          Largest block    Delta
        BANK0            00038-0006F              38           1
        BANK1            000A0-000BF              20           1
        BIGRAM           02000-0206F              70           1
        CODE             00002-00226             225           2
        CONST            00002-00226             100           2
        ENTRY            00002-00226             100           2
        IDLOC            08000-08003               4           2
        RAM              00038-0006F              38           1
                         000A0-000BF              20
        SFR0             00000-0001F              20           1
        SFR1             00080-0009F              20           1
        SFR10            00500-0056F              70           1
        SFR11            00580-005EF              70           1
        SFR12            00600-0066F              70           1
        SFR13            00680-006EF              70           1
        SFR14            00700-0076F              70           1
        SFR15            00780-007EF              70           1
        SFR16            00800-0086F              70           1
        SFR17            00880-008EF              70           1
        SFR18            00900-0096F              70           1
        SFR19            00980-009EF              70           1
        SFR2             00100-0016F              70           1
        SFR20            00A00-00A6F              70           1
        SFR21            00A80-00AEF              70           1
        SFR22            00B00-00B6F              70           1
        SFR23            00B80-00BEF              70           1
        SFR24            00C00-00C6F              70           1
        SFR25            00C80-00CEF              70           1
        SFR26            00D00-00D6F              70           1
        SFR27            00D80-00DEF              70           1
        SFR28            00E00-00E6F              70           1
        SFR29            00E80-00EEF              70           1
        SFR3             00180-001EF              70           1
        SFR30            00F00-00F6F              70           1
        SFR31            00F80-00FEF              70           1
        SFR4             00200-0026F              70           1
        SFR5             00280-002EF              70           1
        SFR6             00300-0036F              70           1
        SFR7             00380-003EF              70           1
        SFR8             00400-0046F              70           1
        SFR9             00480-004EF              70           1
        STACK            02018-0206F              58           1
        STRCODE          00002-00226             225           2
        STRING           00002-00226             100           2

                                  Symbol Table

_ANSELA                          (abs)        0018C
_APFCON                          (abs)        0011D
_INTCONbits                      (abs)        0000B
_LATA                            (abs)        0010C
_LATAbits                        (abs)        0010C
_OPTION_REGbits                  (abs)        00095
_OSCCON                          (abs)        00099
_OSCILLATOR_Initialize           text7        0022A
_OSCTUNE                         (abs)        00098
_PIN_MANAGER_Initialize          text6        00243
_PORTAbits                       (abs)        0000C
_SYSTEM_Initialize               text5        00227
_TRISA                           (abs)        0008C
_WPUA                            (abs)        0020C
__CFG_BOREN$ON                   (abs)        00000
__CFG_BORV$LO                    (abs)        00000
__CFG_CLKOUTEN$OFF               (abs)        00000
__CFG_CP$OFF                     (abs)        00000
__CFG_FOSC$INTOSC                (abs)        00000
__CFG_LPBOREN$OFF                (abs)        00000
__CFG_LVP$ON                     (abs)        00000
__CFG_MCLRE$ON                   (abs)        00000
__CFG_PLLEN$ON                   (abs)        00000
__CFG_PWRTE$OFF                  (abs)        00000
__CFG_STVREN$ON                  (abs)        00000
__CFG_WDTE$OFF                   (abs)        00000
__CFG_WRT$OFF                    (abs)        00000
__H_serial_text                  _serial_text 00400
__Habs1                          abs1         00000
__Hbank0                         bank0        00000
__Hbank1                         bank1        00000
__Hbank10                        bank10       00000
__Hbank11                        bank11       00000
__Hbank12                        bank12       00000
__Hbank13                        bank13       00000
__Hbank14                        bank14       00000
__Hbank15                        bank15       00000
__Hbank16                        bank16       00000
__Hbank17                        bank17       00000
__Hbank18                        bank18       00000
__Hbank19                        bank19       00000
__Hbank2                         bank2        00000
__Hbank20                        bank20       00000
__Hbank21                        bank21       00000
__Hbank22                        bank22       00000
__Hbank23                        bank23       00000
__Hbank24                        bank24       00000
__Hbank25                        bank25       00000
__Hbank26                        bank26       00000
__Hbank27                        bank27       00000
__Hbank28                        bank28       00000
__Hbank29                        bank29       00000
__Hbank3                         bank3        00000
__Hbank30                        bank30       00000
__Hbank31                        bank31       00000
__Hbank4                         bank4        00000
__Hbank5                         bank5        00000
__Hbank6                         bank6        00000
__Hbank7                         bank7        00000
__Hbank8                         bank8        00000
__Hbank9                         bank9        00000
__Hbigram                        bigram       00000
__HbssBANK0                      bssBANK0     00000
__Hcinit                         cinit        003FD
__Hclrtext                       clrtext      00000
__Hcode                          code         00000
__Hcommon                        common       00000
__Hconfig                        config       08009
__HcstackCOMMON                  cstackCOMMON 00000
__HdataBANK0                     dataBANK0    00000
__Heeprom_data                   eeprom_data  00000
__Hend_init                      end_init     00002
__Hfunctab                       functab      00000
__HidataBANK0                    idataBANK0   00000
__Hidloc                         idloc        00000
__Hinit                          init         00001
__Hinittext                      inittext     00000
__Hintentry                      intentry     00001
__Hmaintext                      maintext     00000
__Hpowerup                       powerup      00000
__Hram                           ram          00000
__Hreset_vec                     reset_vec    00001
__Hsfr0                          sfr0         00000
__Hsfr1                          sfr1         00000
__Hsfr10                         sfr10        00000
__Hsfr11                         sfr11        00000
__Hsfr12                         sfr12        00000
__Hsfr13                         sfr13        00000
__Hsfr14                         sfr14        00000
__Hsfr15                         sfr15        00000
__Hsfr16                         sfr16        00000
__Hsfr17                         sfr17        00000
__Hsfr18                         sfr18        00000
__Hsfr19                         sfr19        00000
__Hsfr2                          sfr2         00000
__Hsfr20                         sfr20        00000
__Hsfr21                         sfr21        00000
__Hsfr22                         sfr22        00000
__Hsfr23                         sfr23        00000
__Hsfr24                         sfr24        00000
__Hsfr25                         sfr25        00000
__Hsfr26                         sfr26        00000
__Hsfr27                         sfr27        00000
__Hsfr28                         sfr28        00000
__Hsfr29                         sfr29        00000
__Hsfr3                          sfr3         00000
__Hsfr30                         sfr30        00000
__Hsfr31                         sfr31        00000
__Hsfr4                          sfr4         00000
__Hsfr5                          sfr5         00000
__Hsfr6                          sfr6         00000
__Hsfr7                          sfr7         00000
__Hsfr8                          sfr8         00000
__Hsfr9                          sfr9         00000
__Hspace_0                       (abs)        08009
__Hspace_1                       (abs)        0007E
__Hspace_2                       (abs)        00000
__Hspace_3                       (abs)        00000
__Hstack                         stack        00000
__Hstrings                       strings      00000
__Htext                          text         00000
__L_serial_text                  _serial_text 003FD
__Labs1                          abs1         00000
__Lbank0                         bank0        00000
__Lbank1                         bank1        00000
__Lbank10                        bank10       00000
__Lbank11                        bank11       00000
__Lbank12                        bank12       00000
__Lbank13                        bank13       00000
__Lbank14                        bank14       00000
__Lbank15                        bank15       00000
__Lbank16                        bank16       00000
__Lbank17                        bank17       00000
__Lbank18                        bank18       00000
__Lbank19                        bank19       00000
__Lbank2                         bank2        00000
__Lbank20                        bank20       00000
__Lbank21                        bank21       00000
__Lbank22                        bank22       00000
__Lbank23                        bank23       00000
__Lbank24                        bank24       00000
__Lbank25                        bank25       00000
__Lbank26                        bank26       00000
__Lbank27                        bank27       00000
__Lbank28                        bank28       00000
__Lbank29                        bank29       00000
__Lbank3                         bank3        00000
__Lbank30                        bank30       00000
__Lbank31                        bank31       00000
__Lbank4                         bank4        00000
__Lbank5                         bank5        00000
__Lbank6                         bank6        00000
__Lbank7                         bank7        00000
__Lbank8                         bank8        00000
__Lbank9                         bank9        00000
__Lbigram                        bigram       00000
__LbssBANK0                      bssBANK0     00000
__Lcinit                         cinit        003EB
__Lclrtext                       clrtext      00000
__Lcode                          code         00000
__Lcommon                        common       00000
__Lconfig                        config       08007
__LcstackCOMMON                  cstackCOMMON 00000
__LdataBANK0                     dataBANK0    00000
__Leeprom_data                   eeprom_data  00000
__Lend_init                      end_init     00001
__Lfunctab                       functab      00000
__LidataBANK0                    idataBANK0   00000
__Lidloc                         idloc        00000
__Linit                          init         00001
__Linittext                      inittext     00000
__Lintentry                      intentry     00001
__Lmaintext                      maintext     00000
__Lpowerup                       powerup      00000
__Lram                           ram          00000
__Lreset_vec                     reset_vec    00000
__Lsfr0                          sfr0         00000
__Lsfr1                          sfr1         00000
__Lsfr10                         sfr10        00000
__Lsfr11                         sfr11        00000
__Lsfr12                         sfr12        00000
__Lsfr13                         sfr13        00000
__Lsfr14                         sfr14        00000
__Lsfr15                         sfr15        00000
__Lsfr16                         sfr16        00000
__Lsfr17                         sfr17        00000
__Lsfr18                         sfr18        00000
__Lsfr19                         sfr19        00000
__Lsfr2                          sfr2         00000
__Lsfr20                         sfr20        00000
__Lsfr21                         sfr21        00000
__Lsfr22                         sfr22        00000
__Lsfr23                         sfr23        00000
__Lsfr24                         sfr24        00000
__Lsfr25                         sfr25        00000
__Lsfr26                         sfr26        00000
__Lsfr27                         sfr27        00000
__Lsfr28                         sfr28        00000
__Lsfr29                         sfr29        00000
__Lsfr3                          sfr3         00000
__Lsfr30                         sfr30        00000
__Lsfr31                         sfr31        00000
__Lsfr4                          sfr4         00000
__Lsfr5                          sfr5         00000
__Lsfr6                          sfr6         00000
__Lsfr7                          sfr7         00000
__Lsfr8                          sfr8         00000
__Lsfr9                          sfr9         00000
__Lspace_0                       (abs)        00000
__Lspace_1                       (abs)        00000
__Lspace_2                       (abs)        00000
__Lspace_3                       (abs)        00000
__Lstack                         stack        00000
__Lstrings                       strings      00000
__Ltext                          text         00000
__S0                             (abs)        08009
__S1                             (abs)        0007E
__S2                             (abs)        00000
___int_sp                        stack        00000
___latbits                       (abs)        00000
___sp                            stack        00000
__end_of_OSCILLATOR_Initialize   text7        0022F
__end_of_PIN_MANAGER_Initialize  text6        00252
__end_of_SYSTEM_Initialize       text5        0022A
__end_of__initialization         cinit        003FB
__end_of_crc12                   text4        003EB
__end_of_delay_us                text2        00269
__end_of_main                    maintext     002AC
__end_of_manchester_enc          text3        0037A
__end_of_sendSignal              text1        00311
__end_of_serial                  _serial_text 00400
__initialization                 cinit        003EB
__p_serial_text                  _serial_text 003FD
__pbssBANK0                      bssBANK0     00020
__pcstackCOMMON                  cstackCOMMON 00070
__pdataBANK0                     dataBANK0    00030
__pidataBANK0                    idataBANK0   0023B
__pmaintext                      maintext     00269
__ptext1                         text1        002AC
__ptext2                         text2        00252
__ptext3                         text3        00311
__ptext4                         text4        0037A
__ptext5                         text5        00227
__ptext6                         text6        00243
__ptext7                         text7        0022A
__size_of_OSCILLATOR_Initialize  (abs)        00000
__size_of_PIN_MANAGER_Initialize (abs)        00000
__size_of_SYSTEM_Initialize      (abs)        00000
__size_of_crc12                  (abs)        00000
__size_of_delay_us               (abs)        00000
__size_of_main                   (abs)        00000
__size_of_manchester_enc         (abs)        00000
__size_of_sendSignal             (abs)        00000
_crc12                           text4        0037A
_delay_us                        text2        00252
_encman                          bssBANK0     00020
_main                            maintext     00269
_manchester_enc                  text3        00311
_packet_t                        dataBANK0    00030
_sendSignal                      text1        002AC
_serial                          _serial_text 003FD
_serial_absaddr                  (abs)        003FD
btemp                            (abs)        0007E
clear_ram0                       clrtext      0022F
crc12@crc                        cstackCOMMON 0007A
crc12@i                          cstackCOMMON 00078
crc12@inbuf                      cstackCOMMON 00077
crc12@inbuf_t                    cstackCOMMON 00075
crc12@k                          cstackCOMMON 00079
crc12@len                        cstackCOMMON 00071
crc12@outbuf                     cstackCOMMON 00070
delay_us@delay                   cstackCOMMON 00071
delay_us@i                       cstackCOMMON 00072
delay_us@k                       cstackCOMMON 00073
end_of_initialization            cinit        003FB
init_ram                         inittext     00235
intlevel0                        functab      00000
intlevel1                        functab      00000
intlevel2                        functab      00000
intlevel3                        functab      00000
intlevel4                        functab      00000
intlevel5                        functab      00000
ltemp                            (abs)        0007E
ltemp0                           (abs)        0007E
ltemp1                           (abs)        00082
ltemp2                           (abs)        00086
ltemp3                           (abs)        00080
manchester_enc@hbyte             cstackCOMMON 00077
manchester_enc@i                 cstackCOMMON 0007A
manchester_enc@inbuf             cstackCOMMON 00074
manchester_enc@k                 cstackCOMMON 00075
manchester_enc@lbyte             cstackCOMMON 00078
manchester_enc@len               cstackCOMMON 00071
manchester_enc@outbuf            cstackCOMMON 00070
manchester_enc@outbuf_idx        cstackCOMMON 00076
manchester_enc@tbyte             cstackCOMMON 00079
reset_vec                        reset_vec    00000
sendSignal@i                     cstackCOMMON 0007B
sendSignal@k                     cstackCOMMON 00077
sendSignal@n                     cstackCOMMON 00078
sendSignal@old_state             cstackCOMMON 0007A
sendSignal@pt                    cstackCOMMON 00076
sendSignal@wbyte                 cstackCOMMON 00079
stackhi                          (abs)        0206F
stacklo                          (abs)        02018
start                            init         00001
start_initialization             cinit        003EB
ttemp                            (abs)        0007E
ttemp0                           (abs)        0007E
ttemp1                           (abs)        00081
ttemp2                           (abs)        00084
ttemp3                           (abs)        00087
ttemp4                           (abs)        0007F
wtemp                            (abs)        0007E
wtemp0                           (abs)        0007E
wtemp1                           (abs)        00080
wtemp2                           (abs)        00082
wtemp3                           (abs)        00084
wtemp4                           (abs)        00086
wtemp5                           (abs)        00088
wtemp6                           (abs)        0007F


FUNCTION INFORMATION:

 *************** function _main *****************
 Defined at:
		line 230 in file "main.c"
 Parameters:    Size  Location     Type
		None
 Auto vars:     Size  Location     Type
		None
 Return value:  Size  Location     Type
                  1    wreg      void 
 Registers used:
		wreg, fsr0l, fsr0h, fsr1l, fsr1h, status,2, status,0, pclath, cstack
 Tracked objects:
		On entry : 
		On exit  : 
		Unchanged: 
 Data sizes:     COMMON   BANK0   BANK1
      Params:         0       0       0
      Locals:         0       0       0
      Temps:          2       0       0
      Totals:         2       0       0
Total ram usage:        2 bytes
 Hardware stack levels required when called:    2
 This function calls:
		_SYSTEM_Initialize
		_crc12
		_manchester_enc
		_sendSignal
 This function is called by:
		Startup code after reset
 This function uses a non-reentrant model


 *************** function _sendSignal *****************
 Defined at:
		line 191 in file "main.c"
 Parameters:    Size  Location     Type
  pt              1    wreg     PTR unsigned char 
		 -> encman(16), 
 Auto vars:     Size  Location     Type
  pt              1    6[COMMON] PTR unsigned char 
		 -> encman(16), 
  i               1   11[COMMON] unsigned char 
  old_state       1   10[COMMON] unsigned char 
  wbyte           1    9[COMMON] unsigned char 
  n               1    8[COMMON] unsigned char 
  k               1    7[COMMON] unsigned char 
 Return value:  Size  Location     Type
                  1    wreg      void 
 Registers used:
		wreg, fsr1l, fsr1h, status,2, status,0, pclath, cstack
 Tracked objects:
		On entry : 
		On exit  : 
		Unchanged: 
 Data sizes:     COMMON   BANK0   BANK1
      Params:         0       0       0
      Locals:         6       0       0
      Temps:          2       0       0
      Totals:         8       0       0
Total ram usage:        8 bytes
 Hardware stack levels used:    1
 Hardware stack levels required when called:    1
 This function calls:
		_delay_us
 This function is called by:
		_main
 This function uses a non-reentrant model


 *************** function _delay_us *****************
 Defined at:
		line 180 in file "main.c"
 Parameters:    Size  Location     Type
  delay           1    wreg     unsigned char 
 Auto vars:     Size  Location     Type
  delay           1    1[COMMON] unsigned char 
  k               1    3[COMMON] unsigned char 
  i               1    2[COMMON] unsigned char 
 Return value:  Size  Location     Type
                  1    wreg      void 
 Registers used:
		wreg, status,2, status,0
 Tracked objects:
		On entry : 
		On exit  : 
		Unchanged: 
 Data sizes:     COMMON   BANK0   BANK1
      Params:         0       0       0
      Locals:         3       0       0
      Temps:          1       0       0
      Totals:         4       0       0
Total ram usage:        4 bytes
 Hardware stack levels used:    1
 This function calls:
		Nothing
 This function is called by:
		_sendSignal
 This function uses a non-reentrant model


 *************** function _manchester_enc *****************
 Defined at:
		line 103 in file "main.c"
 Parameters:    Size  Location     Type
  inbuf           1    wreg     PTR unsigned char 
		 -> packet_t(8), 
  outbuf          1    0[COMMON] PTR unsigned char 
		 -> encman(16), 
  len             1    1[COMMON] unsigned char 
 Auto vars:     Size  Location     Type
  inbuf           1    4[COMMON] PTR unsigned char 
		 -> packet_t(8), 
  i               1   10[COMMON] unsigned char 
  tbyte           1    9[COMMON] unsigned char 
  lbyte           1    8[COMMON] unsigned char 
  hbyte           1    7[COMMON] unsigned char 
  outbuf_idx      1    6[COMMON] unsigned char 
  k               1    5[COMMON] unsigned char 
 Return value:  Size  Location     Type
                  1    wreg      void 
 Registers used:
		wreg, fsr1l, fsr1h, status,2, status,0
 Tracked objects:
		On entry : 
		On exit  : 
		Unchanged: 
 Data sizes:     COMMON   BANK0   BANK1
      Params:         2       0       0
      Locals:         7       0       0
      Temps:          2       0       0
      Totals:        11       0       0
Total ram usage:       11 bytes
 Hardware stack levels used:    1
 This function calls:
		Nothing
 This function is called by:
		_main
 This function uses a non-reentrant model


 *************** function _crc12 *****************
 Defined at:
		line 150 in file "main.c"
 Parameters:    Size  Location     Type
  inbuf           1    wreg     PTR unsigned char 
		 -> packet_t(8), 
  outbuf          1    0[COMMON] PTR unsigned char 
		 -> packet_t(8), 
  len             1    1[COMMON] unsigned char 
 Auto vars:     Size  Location     Type
  inbuf           1    7[COMMON] PTR unsigned char 
		 -> packet_t(8), 
  crc             2   10[COMMON] unsigned int 
  inbuf_t         2    5[COMMON] unsigned int 
  k               1    9[COMMON] unsigned char 
  i               1    8[COMMON] unsigned char 
 Return value:  Size  Location     Type
                  1    wreg      void 
 Registers used:
		wreg, fsr1l, fsr1h, status,2, status,0
 Tracked objects:
		On entry : 
		On exit  : 
		Unchanged: 
 Data sizes:     COMMON   BANK0   BANK1
      Params:         2       0       0
      Locals:         7       0       0
      Temps:          3       0       0
      Totals:        12       0       0
Total ram usage:       12 bytes
 Hardware stack levels used:    1
 This function calls:
		Nothing
 This function is called by:
		_main
 This function uses a non-reentrant model


 *************** function _SYSTEM_Initialize *****************
 Defined at:
		line 68 in file "mcc_generated_files/mcc.c"
 Parameters:    Size  Location     Type
		None
 Auto vars:     Size  Location     Type
		None
 Return value:  Size  Location     Type
                  1    wreg      void 
 Registers used:
		wreg, status,2, status,0, pclath, cstack
 Tracked objects:
		On entry : 
		On exit  : 
		Unchanged: 
 Data sizes:     COMMON   BANK0   BANK1
      Params:         0       0       0
      Locals:         0       0       0
      Temps:          0       0       0
      Totals:         0       0       0
Total ram usage:        0 bytes
 Hardware stack levels used:    1
 Hardware stack levels required when called:    1
 This function calls:
		_OSCILLATOR_Initialize
		_PIN_MANAGER_Initialize
 This function is called by:
		_main
 This function uses a non-reentrant model


 *************** function _PIN_MANAGER_Initialize *****************
 Defined at:
		line 49 in file "mcc_generated_files/pin_manager.c"
 Parameters:    Size  Location     Type
		None
 Auto vars:     Size  Location     Type
		None
 Return value:  Size  Location     Type
                  1    wreg      void 
 Registers used:
		wreg, status,2
 Tracked objects:
		On entry : 
		On exit  : 
		Unchanged: 
 Data sizes:     COMMON   BANK0   BANK1
      Params:         0       0       0
      Locals:         0       0       0
      Temps:          0       0       0
      Totals:         0       0       0
Total ram usage:        0 bytes
 Hardware stack levels used:    1
 This function calls:
		Nothing
 This function is called by:
		_SYSTEM_Initialize
 This function uses a non-reentrant model


 *************** function _OSCILLATOR_Initialize *****************
 Defined at:
		line 75 in file "mcc_generated_files/mcc.c"
 Parameters:    Size  Location     Type
		None
 Auto vars:     Size  Location     Type
		None
 Return value:  Size  Location     Type
                  1    wreg      void 
 Registers used:
		wreg, status,2
 Tracked objects:
		On entry : 
		On exit  : 
		Unchanged: 
 Data sizes:     COMMON   BANK0   BANK1
      Params:         0       0       0
      Locals:         0       0       0
      Temps:          0       0       0
      Totals:         0       0       0
Total ram usage:        0 bytes
 Hardware stack levels used:    1
 This function calls:
		Nothing
 This function is called by:
		_SYSTEM_Initialize
 This function uses a non-reentrant model



MODULE INFORMATION

Module		Function		Class		Link	Load	Size
mcc_generated_files/pin_manager.c
		_PIN_MANAGER_Initialize		CODE           	0243	0000	16

mcc_generated_files/pin_manager.c estimated size: 16

shared
		_serial        		CODE           	03FD	0000	4
		__initialization		CODE           	03EB	0000	17

shared estimated size: 21

mcc_generated_files/mcc.c
		_OSCILLATOR_Initialize		CODE           	022A	0000	6
		_SYSTEM_Initialize		CODE           	0227	0000	4

mcc_generated_files/mcc.c estimated size: 10

main.c
		_sendSignal    		CODE           	02AC	0000	102
		_delay_us      		CODE           	0252	0000	24
		_main          		CODE           	0269	0000	68
		_manchester_enc		CODE           	0311	0000	106
		_crc12         		CODE           	037A	0000	114

main.c estimated size: 414

